
== Standard-Testlauf ==

[1/5] Shell: install.sh

══ test_install_sh.sh ══


Ran 16 tests: 16 ok, 0 failed

[2/5] Shell: sync-usb.sh

══ test_sync_usb.sh ══


Ran 10 tests: 10 ok, 0 failed

[3/5] Shell: systemd units

== test_systemd_units.sh ==


Ran 27 tests: 25 ok, 0 failed, 2 skipped

[4/5] Python: apply_config + xml2ks
test_different_passwords_produce_different_hashes (tests.test_apply_config.HashPasswordTests.test_different_passwords_produce_different_hashes) ... ok
test_hash_is_not_plaintext (tests.test_apply_config.HashPasswordTests.test_hash_is_not_plaintext) ... ok
test_raises_on_openssl_failure (tests.test_apply_config.HashPasswordTests.test_raises_on_openssl_failure) ... ok
test_returns_sha512_hash (tests.test_apply_config.HashPasswordTests.test_returns_sha512_hash) ... ok
test_same_password_different_salts (tests.test_apply_config.HashPasswordTests.test_same_password_different_salts) ... ok
test_all_env_vars_applied (tests.test_apply_config.IntegrationTests.test_all_env_vars_applied)
Alle 18 FEDORA_-Variablen müssen nach apply_config vorhanden sein. ... ok
test_autologin_not_in_kickstart (tests.test_apply_config.IntegrationTests.test_autologin_not_in_kickstart)
AutomaticLogin=... ist kein KS-Direktiv und darf nicht im KS auftauchen. ... ok
test_check_mode_does_not_modify_files (tests.test_apply_config.IntegrationTests.test_check_mode_does_not_modify_files) ... ok
test_env_vars_applied (tests.test_apply_config.IntegrationTests.test_env_vars_applied) ... ok
test_example_config_applies_to_sample_ks (tests.test_apply_config.IntegrationTests.test_example_config_applies_to_sample_ks)
EXAMPLE_CONFIG (aus install.json Fixture) muss alle KS-Variablen korrekt patchen. ... ok
test_example_config_on_real_fedora_full_ks (tests.test_apply_config.IntegrationTests.test_example_config_on_real_fedora_full_ks)
EXAMPLE_CONFIG gegen echtes fedora-full.ks testen — erkennt echte Bugs. ... FAIL
test_hostname_applied (tests.test_apply_config.IntegrationTests.test_hostname_applied) ... ok
test_missing_config_file_exits_nonzero (tests.test_apply_config.IntegrationTests.test_missing_config_file_exits_nonzero) ... Fehler: Konfigurationsdatei nicht gefunden: /nonexistent/install.json
ok
test_password_hash_written_to_kickstart (tests.test_apply_config.IntegrationTests.test_password_hash_written_to_kickstart) ... ok
test_placeholder_password_exits_nonzero (tests.test_apply_config.IntegrationTests.test_placeholder_password_exits_nonzero) ... Fehler: Bitte Passwort in config/install.json setzen.
ok
test_timezone_applied (tests.test_apply_config.IntegrationTests.test_timezone_applied) ... ok
test_user_name_applied (tests.test_apply_config.IntegrationTests.test_user_name_applied) ... ok
test_loads_valid_json (tests.test_apply_config.LoadConfigTests.test_loads_valid_json) ... ok
test_preserves_all_sections (tests.test_apply_config.LoadConfigTests.test_preserves_all_sections) ... ok
test_raises_on_invalid_json (tests.test_apply_config.LoadConfigTests.test_raises_on_invalid_json) ... ok
test_strips_comment_field (tests.test_apply_config.LoadConfigTests.test_strips_comment_field) ... ok
test_check_mode_detects_change (tests.test_apply_config.PatchKickstartTests.test_check_mode_detects_change) ... ok
test_check_mode_does_not_write (tests.test_apply_config.PatchKickstartTests.test_check_mode_does_not_write) ... ok
test_multiple_replacements_applied (tests.test_apply_config.PatchKickstartTests.test_multiple_replacements_applied) ... ok
test_replaces_env_var (tests.test_apply_config.PatchKickstartTests.test_replaces_env_var) ... ok
test_replaces_hostname (tests.test_apply_config.PatchKickstartTests.test_replaces_hostname) ... ok
test_replaces_username (tests.test_apply_config.PatchKickstartTests.test_replaces_username) ... ok
test_returns_false_when_nothing_changed (tests.test_apply_config.PatchKickstartTests.test_returns_false_when_nothing_changed) ... ok
test_attr_existing (tests.test_xml2ks.AttrHelperTests.test_attr_existing) ... ok
test_attr_missing_returns_default (tests.test_xml2ks.AttrHelperTests.test_attr_missing_returns_default) ... ok
test_attr_none_element_returns_default (tests.test_xml2ks.AttrHelperTests.test_attr_none_element_returns_default) ... ok
test_false_enabled (tests.test_xml2ks.EnabledHelperTests.test_false_enabled) ... ok
test_missing_attr_defaults_to_true (tests.test_xml2ks.EnabledHelperTests.test_missing_attr_defaults_to_true) ... ok
test_missing_element_uses_default (tests.test_xml2ks.EnabledHelperTests.test_missing_element_uses_default) ... ok
test_no_disabled (tests.test_xml2ks.EnabledHelperTests.test_no_disabled) ... ok
test_true_enabled (tests.test_xml2ks.EnabledHelperTests.test_true_enabled) ... ok
test_zero_disabled (tests.test_xml2ks.EnabledHelperTests.test_zero_disabled) ... ok
test_fixtures_dir_exists (tests.test_xml2ks.FixtureTests.test_fixtures_dir_exists) ... ok
test_full_xml_env_vars_present (tests.test_xml2ks.FixtureTests.test_full_xml_env_vars_present) ... ok
test_full_xml_fixture_is_valid (tests.test_xml2ks.FixtureTests.test_full_xml_fixture_is_valid) ... ok
test_full_xml_generates_kickstart (tests.test_xml2ks.FixtureTests.test_full_xml_generates_kickstart) ... ok
test_full_xml_has_pre_disk_detection (tests.test_xml2ks.FixtureTests.test_full_xml_has_pre_disk_detection) ... ok
test_minimal_xml_fixture_is_valid (tests.test_xml2ks.FixtureTests.test_minimal_xml_fixture_is_valid) ... ok
test_minimal_xml_generates_kickstart (tests.test_xml2ks.FixtureTests.test_minimal_xml_generates_kickstart) ... ok
test_auto_partition_generates_lvm (tests.test_xml2ks.GenerateKickstartTests.test_auto_partition_generates_lvm) ... ok
test_auto_partition_generates_pre_block (tests.test_xml2ks.GenerateKickstartTests.test_auto_partition_generates_pre_block) ... ok
test_auto_partition_ignoredisk_in_pre (tests.test_xml2ks.GenerateKickstartTests.test_auto_partition_ignoredisk_in_pre) ... ok
test_auto_partition_no_hardcoded_disk_outside_pre (tests.test_xml2ks.GenerateKickstartTests.test_auto_partition_no_hardcoded_disk_outside_pre) ... ok
test_autostart_desktop_entry_for_target_user (tests.test_xml2ks.GenerateKickstartTests.test_autostart_desktop_entry_for_target_user) ... ok
test_base_packages_present (tests.test_xml2ks.GenerateKickstartTests.test_base_packages_present) ... ok
test_bootloader_no_location_mbr (tests.test_xml2ks.GenerateKickstartTests.test_bootloader_no_location_mbr) ... ok
test_bootloader_uses_short_disk_name (tests.test_xml2ks.GenerateKickstartTests.test_bootloader_uses_short_disk_name) ... ok
test_contains_kdump_addon (tests.test_xml2ks.GenerateKickstartTests.test_contains_kdump_addon) ... ok
test_contains_packages_block (tests.test_xml2ks.GenerateKickstartTests.test_contains_packages_block) ... ok
test_contains_post_block (tests.test_xml2ks.GenerateKickstartTests.test_contains_post_block) ... ok
test_contains_text_and_reboot (tests.test_xml2ks.GenerateKickstartTests.test_contains_text_and_reboot) ... ok
test_contains_version_header (tests.test_xml2ks.GenerateKickstartTests.test_contains_version_header) ... ok
test_custom_gecos (tests.test_xml2ks.GenerateKickstartTests.test_custom_gecos) ... ok
test_custom_partition_is_emitted_verbatim (tests.test_xml2ks.GenerateKickstartTests.test_custom_partition_is_emitted_verbatim) ... ok
test_custom_user_groups (tests.test_xml2ks.GenerateKickstartTests.test_custom_user_groups) ... ok
test_defaults_for_optional_first_login_fields (tests.test_xml2ks.GenerateKickstartTests.test_defaults_for_optional_first_login_fields) ... ok
test_duplicate_packages_not_emitted (tests.test_xml2ks.GenerateKickstartTests.test_duplicate_packages_not_emitted) ... ok
test_embedded_scripts_included (tests.test_xml2ks.GenerateKickstartTests.test_embedded_scripts_included) ... ok
test_extra_groups_included (tests.test_xml2ks.GenerateKickstartTests.test_extra_groups_included) ... ok
test_extra_packages_included (tests.test_xml2ks.GenerateKickstartTests.test_extra_packages_included) ... ok
test_flatpak_flathub_remote_added (tests.test_xml2ks.GenerateKickstartTests.test_flatpak_flathub_remote_added) ... ok
test_full_xml_generates_valid_ks_structure (tests.test_xml2ks.GenerateKickstartTests.test_full_xml_generates_valid_ks_structure) ... ok
test_hostname_in_network_directive (tests.test_xml2ks.GenerateKickstartTests.test_hostname_in_network_directive) ... ok
test_keyboard_in_output (tests.test_xml2ks.GenerateKickstartTests.test_keyboard_in_output) ... ok
test_locale_in_output (tests.test_xml2ks.GenerateKickstartTests.test_locale_in_output) ... ok
test_missing_script_file_warns_on_stderr (tests.test_xml2ks.GenerateKickstartTests.test_missing_script_file_warns_on_stderr)
Angegebener Pfad der nicht existiert → stderr-Warnung statt stillem leerem Heredoc. ... ok
test_mmcblk0_pre_block_present (tests.test_xml2ks.GenerateKickstartTests.test_mmcblk0_pre_block_present) ... ok
test_none_script_path_produces_no_warning (tests.test_xml2ks.GenerateKickstartTests.test_none_script_path_produces_no_warning)
None als Pfad = absichtlich weggelassen → keine Warnung. ... ok
test_nvme1n1_pre_block_present (tests.test_xml2ks.GenerateKickstartTests.test_nvme1n1_pre_block_present) ... ok
test_nvme_disk_name_in_pre_block (tests.test_xml2ks.GenerateKickstartTests.test_nvme_disk_name_in_pre_block) ... ok
test_old_vllm_venv_vars_absent (tests.test_xml2ks.GenerateKickstartTests.test_old_vllm_venv_vars_absent) ... ok
test_omb_theme_default (tests.test_xml2ks.GenerateKickstartTests.test_omb_theme_default) ... ok
test_pre_block_contains_disk_autodetection (tests.test_xml2ks.GenerateKickstartTests.test_pre_block_contains_disk_autodetection) ... ok
test_pre_block_supports_inst_disk_override (tests.test_xml2ks.GenerateKickstartTests.test_pre_block_supports_inst_disk_override) ... ok
test_rootpw_locked (tests.test_xml2ks.GenerateKickstartTests.test_rootpw_locked) ... ok
test_scripts_with_real_content_embedded (tests.test_xml2ks.GenerateKickstartTests.test_scripts_with_real_content_embedded)
Echte Script-Dateien müssen ihren Inhalt im Kickstart haben — kein leeres heredoc. ... ok
test_sdb_pre_block_present (tests.test_xml2ks.GenerateKickstartTests.test_sdb_pre_block_present) ... ok
test_systemd_enable_first_boot (tests.test_xml2ks.GenerateKickstartTests.test_systemd_enable_first_boot) ... ok
test_target_user_in_env_block (tests.test_xml2ks.GenerateKickstartTests.test_target_user_in_env_block) ... ok
test_timezone_in_output (tests.test_xml2ks.GenerateKickstartTests.test_timezone_in_output) ... ok
test_user_gecos_defaults_to_username (tests.test_xml2ks.GenerateKickstartTests.test_user_gecos_defaults_to_username) ... ok
test_user_iscrypted (tests.test_xml2ks.GenerateKickstartTests.test_user_iscrypted) ... ok
test_user_name_in_output (tests.test_xml2ks.GenerateKickstartTests.test_user_name_in_output) ... ok
test_user_password_hash_in_output (tests.test_xml2ks.GenerateKickstartTests.test_user_password_hash_in_output) ... ok
test_vllm_router_config_from_xml (tests.test_xml2ks.GenerateKickstartTests.test_vllm_router_config_from_xml) ... ok
test_vllm_router_defaults_in_env_block (tests.test_xml2ks.GenerateKickstartTests.test_vllm_router_defaults_in_env_block) ... ok
test_whitesur_args_from_xml (tests.test_xml2ks.GenerateKickstartTests.test_whitesur_args_from_xml) ... ok
test_get_empty_element_returns_empty_string (tests.test_xml2ks.GetHelperTests.test_get_empty_element_returns_empty_string) ... ok
test_get_existing (tests.test_xml2ks.GetHelperTests.test_get_existing) ... ok
test_get_missing_element_returns_default (tests.test_xml2ks.GetHelperTests.test_get_missing_element_returns_default) ... ok
test_get_missing_element_returns_empty_string_by_default (tests.test_xml2ks.GetHelperTests.test_get_missing_element_returns_empty_string_by_default) ... ok
test_get_strips_whitespace (tests.test_xml2ks.GetHelperTests.test_get_strips_whitespace) ... ok
test_full_generation_writes_output_file (tests.test_xml2ks.MainCLITests.test_full_generation_writes_output_file) ... ok
test_get_field_disk (tests.test_xml2ks.MainCLITests.test_get_field_disk) ... ok
test_get_field_hostname (tests.test_xml2ks.MainCLITests.test_get_field_hostname) ... ok
test_get_field_iso_url (tests.test_xml2ks.MainCLITests.test_get_field_iso_url) ... ok
test_get_field_missing_returns_1 (tests.test_xml2ks.MainCLITests.test_get_field_missing_returns_1) ... ok
test_no_args_returns_nonzero (tests.test_xml2ks.MainCLITests.test_no_args_returns_nonzero) ... ok
test_validate_only_fails_on_invalid_config (tests.test_xml2ks.MainCLITests.test_validate_only_fails_on_invalid_config) ... ok
test_validate_only_fails_on_invalid_xml (tests.test_xml2ks.MainCLITests.test_validate_only_fails_on_invalid_xml) ... ok
test_validate_only_ok (tests.test_xml2ks.MainCLITests.test_validate_only_ok) ... ok
test_accepts_custom_partition_with_kickstart_extra (tests.test_xml2ks.ValidateTests.test_accepts_custom_partition_with_kickstart_extra) ... ok
test_accepts_http_iso_url (tests.test_xml2ks.ValidateTests.test_accepts_http_iso_url) ... ok
test_accepts_https_iso_url (tests.test_xml2ks.ValidateTests.test_accepts_https_iso_url) ... ok
test_accepts_md5_hash (tests.test_xml2ks.ValidateTests.test_accepts_md5_hash) ... ok
test_accepts_mmcblk1_disk (tests.test_xml2ks.ValidateTests.test_accepts_mmcblk1_disk) ... ok
test_accepts_mmcblk_disk (tests.test_xml2ks.ValidateTests.test_accepts_mmcblk_disk) ... ok
test_accepts_nvme0n1_disk (tests.test_xml2ks.ValidateTests.test_accepts_nvme0n1_disk) ... ok
test_accepts_nvme0n2_disk (tests.test_xml2ks.ValidateTests.test_accepts_nvme0n2_disk) ... ok
test_accepts_nvme10n1_disk (tests.test_xml2ks.ValidateTests.test_accepts_nvme10n1_disk) ... ok
test_accepts_nvme1n1_disk (tests.test_xml2ks.ValidateTests.test_accepts_nvme1n1_disk) ... ok
test_accepts_sda_disk (tests.test_xml2ks.ValidateTests.test_accepts_sda_disk) ... ok
test_accepts_sdb_disk (tests.test_xml2ks.ValidateTests.test_accepts_sdb_disk) ... ok
test_accepts_sdc_disk (tests.test_xml2ks.ValidateTests.test_accepts_sdc_disk) ... ok
test_accepts_sdz_disk (tests.test_xml2ks.ValidateTests.test_accepts_sdz_disk) ... ok
test_accepts_sha256_hash (tests.test_xml2ks.ValidateTests.test_accepts_sha256_hash) ... ok
test_accepts_sha512_hash (tests.test_xml2ks.ValidateTests.test_accepts_sha512_hash) ... ok
test_accepts_valid_hostname (tests.test_xml2ks.ValidateTests.test_accepts_valid_hostname) ... ok
test_accepts_valid_router_port (tests.test_xml2ks.ValidateTests.test_accepts_valid_router_port) ... ok
test_accepts_vda_disk (tests.test_xml2ks.ValidateTests.test_accepts_vda_disk) ... ok
test_accepts_vdb_disk (tests.test_xml2ks.ValidateTests.test_accepts_vdb_disk) ... ok
test_accepts_xvda_disk (tests.test_xml2ks.ValidateTests.test_accepts_xvda_disk) ... ok
test_custom_partition_requires_kickstart_extra (tests.test_xml2ks.ValidateTests.test_custom_partition_requires_kickstart_extra) ... ok
test_rejects_cdrom_device (tests.test_xml2ks.ValidateTests.test_rejects_cdrom_device) ... ok
test_rejects_cdrom_device_alias (tests.test_xml2ks.ValidateTests.test_rejects_cdrom_device_alias) ... ok
test_rejects_ftp_iso_url (tests.test_xml2ks.ValidateTests.test_rejects_ftp_iso_url) ... ok
test_rejects_hda_ide_disk (tests.test_xml2ks.ValidateTests.test_rejects_hda_ide_disk) ... ok
test_rejects_hostname_starting_with_dash (tests.test_xml2ks.ValidateTests.test_rejects_hostname_starting_with_dash) ... ok
test_rejects_hostname_with_underscore (tests.test_xml2ks.ValidateTests.test_rejects_hostname_with_underscore) ... ok
test_rejects_invalid_partition_scheme (tests.test_xml2ks.ValidateTests.test_rejects_invalid_partition_scheme) ... ok
test_rejects_invalid_router_port_format (tests.test_xml2ks.ValidateTests.test_rejects_invalid_router_port_format) ... ok
test_rejects_loop_device (tests.test_xml2ks.ValidateTests.test_rejects_loop_device) ... ok
test_rejects_missing_hostname (tests.test_xml2ks.ValidateTests.test_rejects_missing_hostname) ... ok
test_rejects_missing_locale (tests.test_xml2ks.ValidateTests.test_rejects_missing_locale) ... ok
test_rejects_missing_timezone (tests.test_xml2ks.ValidateTests.test_rejects_missing_timezone) ... ok
test_rejects_mmcblk_partition (tests.test_xml2ks.ValidateTests.test_rejects_mmcblk_partition) ... ok
test_rejects_nvme_partition (tests.test_xml2ks.ValidateTests.test_rejects_nvme_partition) ... ok
test_rejects_nvme_partition_multidigit (tests.test_xml2ks.ValidateTests.test_rejects_nvme_partition_multidigit) ... ok
test_rejects_partition_not_whole_disk (tests.test_xml2ks.ValidateTests.test_rejects_partition_not_whole_disk) ... ok
test_rejects_placeholder_password_hash (tests.test_xml2ks.ValidateTests.test_rejects_placeholder_password_hash) ... ok
test_rejects_plaintext_password (tests.test_xml2ks.ValidateTests.test_rejects_plaintext_password) ... ok
test_rejects_relative_iso_url (tests.test_xml2ks.ValidateTests.test_rejects_relative_iso_url) ... ok
test_rejects_replace_placeholder_in_any_field (tests.test_xml2ks.ValidateTests.test_rejects_replace_placeholder_in_any_field) ... ok
test_rejects_sda_multidigit_partition (tests.test_xml2ks.ValidateTests.test_rejects_sda_multidigit_partition) ... ok

======================================================================
FAIL: test_example_config_on_real_fedora_full_ks (tests.test_apply_config.IntegrationTests.test_example_config_on_real_fedora_full_ks)
EXAMPLE_CONFIG gegen echtes fedora-full.ks testen — erkennt echte Bugs.
----------------------------------------------------------------------
Traceback (most recent call last):
  File "/home/sija/Projects/fedora-autoinstall/tests/test_apply_config.py", line 385, in test_example_config_on_real_fedora_full_ks
    self.assertIn('FEDORA_PYTORCH_VENV="~/.venvs/ai"', joined,
    ~~~~~~~~~~~~~^^^^^^^^^^^^^^^^^^^^^^^^^^^^^^^^^^^^^^^^^^^^^
                  "FEDORA_PYTORCH_VENV nicht korrekt ersetzt in echtem fedora-full.ks")
                  ^^^^^^^^^^^^^^^^^^^^^^^^^^^^^^^^^^^^^^^^^^^^^^^^^^^^^^^^^^^^^^^^^^^^^
AssertionError: 'FEDORA_PYTORCH_VENV="~/.venvs/ai"' not found in '#version=RHEL9\n# Fedora Linux — Unattended Installation\n# Generated by fedora-install/lib/xml2ks.py\n# !! Do not edit by hand — regenerate from XML config !!\n\ntext\nreboot\n\n%pre\n#!/bin/bash\nDISK=$(grep -oP \'(?<=inst\\.disk=)\\S+\' /proc/cmdline || true)\nif [[ -z "$DISK" ]]; then\n    DISK=$(lsblk -bdno NAME,TYPE,TRAN,RM,SIZE \\\n        | awk \'$2=="disk" && $3!="usb" && $4=="0" && $1!~/^zram/ {print $5+0, $1}\' \\\n        | sort -rn | head -1 | awk \'{print $2}\')\nfi\n[[ -z "$DISK" ]] && { echo "ERROR: Keine Installations-Disk gefunden" >&2; exit 1; }\necho "Ziel-Disk: $DISK" >&2\ncat > /tmp/disk-setup.cfg <<DEOF\nignoredisk --only-use=$DISK\nzerombr\nclearpart --all --initlabel --drives=$DISK\nbootloader --boot-drive=$DISK\nautopart --type=lvm\nDEOF\n%end\n\n# ── Locale / keyboard / timezone ─────────────────────────────────────────────\nkeyboard --xlayouts=\'de\'\nlang de_DE.UTF-8\ntimezone Europe/Berlin --utc\n\n# ── Network ───────────────────────────────────────────────────────────────────\nnetwork --bootproto=dhcp --device=link --activate\nnetwork --hostname=fedora-workstation\n\n# ── Disk / partitioning ───────────────────────────────────────────────────────\n%include /tmp/disk-setup.cfg\n\n# ── Authentication ────────────────────────────────────────────────────────────\nrootpw --lock\nuser --groups=wheel,libvirt,video,audio --name=sija --password=$6$rounds=4096$exampleSalt$A2xI1.hfVf4M8bJH3uQ6Q7fKJ3QYgAnfYQPc0dyY8aTJiD9f8Lh3EEcKB6DzQ9s9lfhYf6Q2xv.YO1f4Yv4eY0 \\\n     --iscrypted --gecos="sija"\n\n# ── Packages ──────────────────────────────────────────────────────────────────\n%packages\n@^workstation-product-environment\ngit\ncurl\npython3\npython3-pip\npython3-virtualenv\ngnome-shell-extension-user-theme\ngnome-shell-extension-dash-to-panel\nflatpak\nmake\ngcc\ngcc-c++\ncmake\nninja-build\nvirt-manager\nqemu-kvm\nlibvirt\n%end\n\n# ── %addon kdump ──────────────────────────────────────────────────────────────\n%addon com_redhat_kdump --disable\n%end\n\n# ── %post: install first-boot service and first-login runner ──────────────────\n%post --log=/root/ks-post.log\n\nset -euo pipefail\n\n# ── Write provisioning environment ───────────────────────────────────────────\ncat > /etc/fedora-provision.env <<\'ENVEOF\'\nFEDORA_TARGET_USER="sija"\nFEDORA_VLLM_ROUTER_PORT="8000"\nFEDORA_VLLM_REGISTRY="~/.config/vllm-router/models.json"\nFEDORA_AGENT_MODEL="Qwen/Qwen3-14B-AWQ"\nFEDORA_AUDIO_MODEL="moonshotai/Kimi-Audio-7B-Instruct"\nFEDORA_WS_GTK_ARGS="-l -c Dark"\nFEDORA_WS_ICON_ARGS="-dark"\nFEDORA_WS_WALL_ARGS=""\nFEDORA_OMB_THEME="modern"\nENVEOF\nchmod 0644 /etc/fedora-provision.env\n\n# ── Write first-boot script ───────────────────────────────────────────────────\ncat > /usr/local/sbin/fedora-first-boot.sh <<\'FBEOF\'\n#!/usr/bin/env bash\n# scripts/first-boot.sh — System-wide one-shot provisioning (runs as root via systemd)\n#\n# Executed by fedora-first-boot.service exactly once after the first boot.\n# Marker: /var/lib/fedora-provision/first-boot.done\n#\n# Tasks:\n#   1. System-Update (dnf upgrade)\n#   2. NVIDIA Open Driver update\n#   3. CUDA installation (Fedora/Fedora or NVIDIA repo)\n#   4. Set system-wide CUDA environment variables\n\nset -euo pipefail\n\nMARKER_DIR="/var/lib/fedora-provision"\nMARKER_FILE="$MARKER_DIR/first-boot.done"\nLOG_FILE="/var/log/fedora-first-boot.log"\nENV_FILE="/etc/fedora-provision.env"\nCUDA_ENV_FILE="/etc/profile.d/cuda.sh"\n\nexec > >(tee -a "$LOG_FILE") 2>&1\n\nlog()  { echo "[$(date \'+%Y-%m-%d %H:%M:%S\')] [INFO]  $*"; }\nwarn() { echo "[$(date \'+%Y-%m-%d %H:%M:%S\')] [WARN]  $*"; }\nerr()  { echo "[$(date \'+%Y-%m-%d %H:%M:%S\')] [ERROR] $*" >&2; }\ndie()  { err "$*"; exit 1; }\nstep() { echo; echo "══ $* ══"; }\n\n# ── Idempotency guard ─────────────────────────────────────────────────────────\nif [[ -f "$MARKER_FILE" ]]; then\n    log "First-boot already completed (marker exists: $MARKER_FILE). Skipping."\n    exit 0\nfi\n\nmkdir -p "$MARKER_DIR"\n\n# ── Load provisioning env ─────────────────────────────────────────────────────\nif [[ -f "$ENV_FILE" ]]; then\n    # shellcheck source=/dev/null\n    source "$ENV_FILE"\nfi\n\nINSTALL_PROFILE="${FEDORA_INSTALL_PROFILE:-full}"\nlog "Install profile: ${INSTALL_PROFILE}"\n\n# ── 0. DNF Optimierungen ─────────────────────────────────────────────────────\nstep "DNF Optimierungen"\ncat >> /etc/dnf/dnf.conf <<\'DNFEOF\'\nmax_parallel_downloads=10\nfastestmirror=True\ndeltarpm=True\nDNFEOF\nlog "DNF: max_parallel_downloads=10, fastestmirror, deltarpm."\n\n# ── 0b. Flathub einrichten ────────────────────────────────────────────────────\nstep "Flathub"\nif command -v flatpak &>/dev/null; then\n    flatpak remote-add --if-not-exists flathub \\\n        https://dl.flathub.org/repo/flathub.flatpakrepo 2>/dev/null \\\n        && log "Flathub hinzugefügt." \\\n        || warn "Flathub setup fehlgeschlagen (non-fatal)."\nfi\n\n# ── 0c. fstrim (SSD TRIM wöchentlich) ────────────────────────────────────────\nstep "fstrim.timer"\nsystemctl enable fstrim.timer 2>/dev/null \\\n    && log "fstrim.timer aktiviert." \\\n    || warn "fstrim.timer enable fehlgeschlagen (non-fatal)."\n\n# ── 0d. Theme-Abhängigkeiten + GNOME Extensions ───────────────────────────────\nstep "Theme dependencies + GNOME Extensions"\nif [[ "$INSTALL_PROFILE" =~ ^(full|theme-bash)$ ]]; then\n    dnf install -y \\\n        sassc \\\n        glib2-devel \\\n        gnome-shell-extension-user-theme \\\n        gnome-shell-extension-dash-to-dock \\\n        gnome-shell-extension-appindicator \\\n        gnome-shell-extension-blur-my-shell \\\n        gnome-shell-extension-caffeine \\\n        2>/dev/null \\\n        && log "Theme deps + GNOME extensions installiert." \\\n        || warn "Theme deps/extensions install fehlgeschlagen (non-fatal)."\nfi\n\n# ── 1. System-Update ──────────────────────────────────────────────────────────\nstep "System-Update"\nlog "Running dnf upgrade..."\ndnf upgrade -y || die "dnf upgrade failed."\nlog "dnf upgrade completed."\n\n# ── 1b. Bazzite Kernel (Blackwell-Support + Gaming Patches) ───────────────────\n# Bazzite-Kernel ist konzeptuell verwandt mit Nobara-Kernel und wird aktiv für\n# Fedora 43 + Blackwell GPUs (RTX 50/9070) gepflegt. Muss VOR akmod-nvidia-open\n# installiert werden, damit Module gegen den richtigen Kernel gebaut werden.\nstep "Bazzite Kernel installieren"\n\nif [[ "${FEDORA_KERNEL_SOURCE:-bazzite}" != "fedora" ]]; then\n    if dnf copr enable -y bazzite-org/kernel-bazzite 2>/dev/null; then\n        if dnf install -y \\\n            kernel-bazzite \\\n            kernel-bazzite-core \\\n            kernel-bazzite-modules \\\n            kernel-bazzite-modules-extra \\\n            kernel-bazzite-devel 2>/dev/null; then\n            log "Bazzite-Kernel installiert."\n            if command -v grubby &>/dev/null; then\n                NEW_KERNEL=$(ls /boot/vmlinuz-*bazzite* 2>/dev/null | sort -V | tail -1)\n                if [[ -n "$NEW_KERNEL" ]]; then\n                    grubby --set-default "$NEW_KERNEL" \\\n                        && log "Bazzite-Kernel als Default gesetzt: $(basename "$NEW_KERNEL")" \\\n                        || warn "grubby --set-default fehlgeschlagen."\n                fi\n            fi\n        else\n            warn "Bazzite-Kernel install fehlgeschlagen — Standard-Kernel bleibt aktiv."\n        fi\n    else\n        warn "COPR bazzite-org/kernel-bazzite nicht verfügbar — Standard-Kernel bleibt aktiv."\n    fi\nelse\n    log "FEDORA_KERNEL_SOURCE=fedora — Bazzite-Kernel übersprungen."\nfi\n\n# ── 2. NVIDIA Open Driver ─────────────────────────────────────────────────────\nstep "NVIDIA Open Driver update"\n\n# iGPU + dGPU Hinweis: Wenn beide vorhanden, lief Install vermutlich über iGPU\n# (Blackwell-Workaround). Nach erfolgreichem first-boot kann BIOS auf PEG zurück.\nif command -v lspci &>/dev/null; then\n    if lspci -nn 2>/dev/null | grep -qiE \'VGA.*(AMD|Intel)\' \\\n       && lspci -nn 2>/dev/null | grep -qi \'NVIDIA\'; then\n        warn "iGPU + NVIDIA dGPU erkannt. Falls Install über iGPU lief:"\n        warn "  → Nach Reboot BIOS umstellen: Primary Display = PEG/PCIe"\n        warn "  → Monitor wieder an NVIDIA-Karte anschließen"\n    fi\nfi\n\ncheck_nvidia_open_compat() {\n    # Check GPU PCI IDs against architectures that support the Open Module:\n    # Turing (TU1xx), Ampere (GA1xx), Ada Lovelace (AD1xx), Blackwell (GB1xx)\n    if ! command -v lspci &>/dev/null; then\n        warn "lspci not available; skipping GPU compatibility check."\n        return 0\n    fi\n    local gpu_info\n    gpu_info=$(lspci -nn | grep -i \'NVIDIA\' || true)\n    if [[ -z "$gpu_info" ]]; then\n        warn "No NVIDIA GPU detected (VM or non-NVIDIA system) — skipping NVIDIA driver."\n        return 1\n    fi\n    if echo "$gpu_info" | grep -qiE \'GP10[0-9]|GP1[0-9]{2}\'; then\n        die "NVIDIA Pascal GPU detected. Open Driver requires Turing or newer. Aborting."\n    fi\n    log "NVIDIA GPU detected (Open Driver compatible): $gpu_info"\n}\n\nif check_nvidia_open_compat; then\n    # Prüfen ob NVIDIA-Treiber bereits funktionsfähig installiert ist\n    if nvidia-smi &>/dev/null; then\n        log "NVIDIA-Treiber bereits aktiv ($(nvidia-smi --query-gpu=driver_version --format=csv,noheader 2>/dev/null)) — Installation übersprungen."\n    else\n        log "Installing/updating NVIDIA Open Kernel Module driver..."\n        dnf install -y \\\n            kernel-devel \\\n            kernel-headers \\\n            akmod-nvidia-open \\\n            xorg-x11-drv-nvidia-cuda \\\n            || warn "NVIDIA Open Driver installation fehlgeschlagen (non-fatal — ggf. bereits via DKMS/Nobara installiert)."\n\n        if command -v akmods &>/dev/null; then\n            log "Building kernel modules (akmods)..."\n            akmods --force || warn "akmods fehlgeschlagen (non-fatal)."\n        fi\n        log "NVIDIA Open Driver installed/updated."\n    fi\nfi  # end: check_nvidia_open_compat\n\n# ── 2b. Podman + NVIDIA Container Toolkit (headless-vllm / vllm-only) ─────────\nif [[ "$INSTALL_PROFILE" =~ ^(headless-vllm|vllm-only)$ ]]; then\n    step "Podman + NVIDIA Container Toolkit"\n\n    dnf install -y podman podman-compose 2>/dev/null \\\n        && log "Podman installiert." \\\n        || warn "Podman install fehlgeschlagen (non-fatal)."\n\n    # NVIDIA Container Toolkit — GPU-Passthrough in Podman/Docker\n    if lspci -nn 2>/dev/null | grep -qi \'NVIDIA\'; then\n        if ! rpm -q nvidia-container-toolkit &>/dev/null; then\n            curl -s -L https://nvidia.github.io/libnvidia-container/stable/rpm/nvidia-container-toolkit.repo \\\n                -o /etc/yum.repos.d/nvidia-container-toolkit.repo 2>/dev/null\n            dnf install -y nvidia-container-toolkit 2>/dev/null \\\n                && log "nvidia-container-toolkit installiert." \\\n                || warn "nvidia-container-toolkit fehlgeschlagen (non-fatal)."\n        fi\n        nvidia-ctk cdi generate --output=/etc/cdi/nvidia.yaml 2>/dev/null \\\n            && log "NVIDIA CDI-Profil generiert." \\\n            || warn "nvidia-ctk CDI fehlgeschlagen (non-fatal)."\n    fi\n\n    # ── vLLM via Podman Quadlet (systemd Container Service) ───────────────────\n    # Multi-Model Hotswap: ein einziges parametrisiertes Quadlet-Template\n    # (vllm@.container) startet vllm-Backends on-demand. Router auf :8000\n    # dispatched OpenAI-Requests an aktive Backends (Quelle: vllm-router.py).\n    TARGET_USER="${FEDORA_TARGET_USER:-sija}"\n    USER_HOME="/home/${TARGET_USER}"\n    AUDIO_MODEL="${FEDORA_AUDIO_MODEL:-moonshotai/Kimi-Audio-7B-Instruct}"\n    AGENT_MODEL="${FEDORA_AGENT_MODEL:-Qwen/Qwen3-8B}"\n    QUADLET_DIR="${USER_HOME}/.config/containers/systemd"\n    ROUTER_DIR="${USER_HOME}/.config/vllm-router"\n    REPO_DIR="/usr/local/share/fedora-autoinstall"\n    mkdir -p "$QUADLET_DIR" "$ROUTER_DIR/instances"\n\n    # ── Cleanup: alte statische Quadlets entfernen (Migration) ───────────────\n    for old in vllm-audio.container vllm-agent.container; do\n        if [[ -f "${QUADLET_DIR}/${old}" ]]; then\n            systemctl --user --machine="${TARGET_USER}@" stop "${old%.container}.service" 2>/dev/null || true\n            rm -f "${QUADLET_DIR}/${old}"\n            log "Alt-Quadlet entfernt: ${old}"\n        fi\n    done\n\n    # ── Quadlet-Template + Router-Unit installieren ───────────────────────────\n    if [[ -f "${REPO_DIR}/systemd/vllm@.container" ]]; then\n        install -m 0644 "${REPO_DIR}/systemd/vllm@.container" "${QUADLET_DIR}/vllm@.container"\n    else\n        warn "vllm@.container Template fehlt unter ${REPO_DIR}/systemd/ — Build unvollständig?"\n    fi\n    if [[ -f "${REPO_DIR}/systemd/vllm-router.service" ]]; then\n        mkdir -p "${USER_HOME}/.config/systemd/user"\n        install -m 0644 "${REPO_DIR}/systemd/vllm-router.service" \\\n            "${USER_HOME}/.config/systemd/user/vllm-router.service"\n    fi\n\n    # ── Default-Registry seeden (falls noch keine vorhanden) ──────────────────\n    REGISTRY="${ROUTER_DIR}/models.json"\n    if [[ ! -f "$REGISTRY" ]]; then\n        cat > "$REGISTRY" <<REGEOF\n{\n  "agent": {\n    "hf_repo": "${AGENT_MODEL}",\n    "port": 8100,\n    "vram_share": 0.45,\n    "max_len": 8192,\n    "extra": "--enable-reasoning --reasoning-parser deepseek_r1"\n  },\n  "audio": {\n    "hf_repo": "${AUDIO_MODEL}",\n    "port": 8101,\n    "vram_share": 0.40,\n    "max_len": 4096,\n    "extra": "--trust-remote-code --limit-mm-per-prompt audio=5"\n  }\n}\nREGEOF\n        log "Default-Registry geseedet: $REGISTRY"\n    fi\n\n    chown -R "${TARGET_USER}:${TARGET_USER}" \\\n        "$QUADLET_DIR" "$ROUTER_DIR" "${USER_HOME}/.config/systemd" 2>/dev/null || true\n\n    log "vLLM Quadlet-Template installiert (vllm@.container)."\n    log "Router-Service-Unit installiert (vllm-router.service)."\n    log "Registry: $REGISTRY  — bearbeiten zum Modelle hinzufügen."\n    log "Aktivierung erfolgt im first-login (loginctl linger + enable)."\nfi\n\n# ── 3. CUDA installation ──────────────────────────────────────────────────────\nstep "CUDA installation"\n\nif [[ "$INSTALL_PROFILE" == "theme-bash" ]]; then\n    log "Profile \'${INSTALL_PROFILE}\' — CUDA not required. Skipping."\nelif ! lspci -nn 2>/dev/null | grep -qi \'NVIDIA\'; then\n    warn "No NVIDIA GPU detected — skipping CUDA installation (VM or non-NVIDIA system)."\nelse\n\nCUDA_SOURCE="${FEDORA_CUDA_SOURCE:-fedora}"\n\ninstall_cuda_fedora() {\n    log "Installing CUDA from Fedora/Fedora repos..."\n    # Fedora packages: \'cuda\' (toolkit), \'cuda-cudart-devel\' (dev headers)\n    # Note: \'cuda-toolkit\' does not exist in Fedora repos (use \'cuda\' instead)\n    dnf install -y \\\n        cuda \\\n        cuda-cudart-devel \\\n        || die "CUDA installation from Fedora/Fedora repos failed."\n}\n\ninstall_cuda_nvidia_repo() {\n    log "Installing CUDA from official NVIDIA repo..."\n    local arch; arch=$(uname -m)\n    local distro="rhel9"\n    local repo_url="https://developer.download.nvidia.com/compute/cuda/repos/${distro}/${arch}/cuda-${distro}.repo"\n\n    if ! dnf config-manager --add-repo "$repo_url" 2>/dev/null; then\n        # Try with dnf5 syntax\n        dnf config-manager addrepo --from-repofile="$repo_url" \\\n            || die "Failed to add NVIDIA CUDA repo."\n    fi\n\n    dnf install -y \\\n        cuda-toolkit \\\n        cuda-devel \\\n        || die "CUDA installation from NVIDIA repo failed."\n}\n\ncase "$CUDA_SOURCE" in\n    fedora|fedora) install_cuda_fedora   ;;\n    nvidia)        install_cuda_nvidia_repo ;;\n    *)             die "Unknown cuda source: $CUDA_SOURCE" ;;\nesac\n\n# Discover installed CUDA path\nCUDA_HOME_DETECTED=""\n# Fedora-Repo CUDA: nvcc unter /usr/bin, Libs unter /usr/lib64\n# NVIDIA-Repo CUDA: unter /usr/local/cuda*\nfor candidate in /usr/local/cuda /usr/local/cuda-* /usr; do\n    if [[ -x "${candidate}/bin/nvcc" ]]; then\n        CUDA_HOME_DETECTED="$candidate"\n        break\n    fi\ndone\n[[ -n "$CUDA_HOME_DETECTED" ]] || die "nvcc not found after CUDA installation."\nlog "CUDA installed at: $CUDA_HOME_DETECTED"\n\nCUDA_VERSION_INSTALLED=$("${CUDA_HOME_DETECTED}/bin/nvcc" --version \\\n    | grep -oP \'release \\K[\\d.]+\' | head -1)\nlog "CUDA version: $CUDA_VERSION_INSTALLED"\n\n# ── 4. System-wide CUDA environment variables ─────────────────────────────────\nstep "CUDA environment variables"\n\ncat > "$CUDA_ENV_FILE" <<ENVEOF\n# Fedora Auto-Install: CUDA environment — managed by fedora-first-boot.sh\nexport CUDA_HOME="${CUDA_HOME_DETECTED}"\nexport PATH="\\${CUDA_HOME}/bin\\${PATH:+:\\$PATH}"\nexport LD_LIBRARY_PATH="\\${CUDA_HOME}/lib64\\${LD_LIBRARY_PATH:+:\\$LD_LIBRARY_PATH}"\nENVEOF\nchmod 0644 "$CUDA_ENV_FILE"\nlog "CUDA env written to $CUDA_ENV_FILE"\n\n# Also write a systemd-compatible EnvironmentFile entry\nmkdir -p /etc/systemd/system.conf.d\ncat > /etc/systemd/system.conf.d/cuda-env.conf <<SYSENVEOF\n# CUDA environment for systemd services\n[Manager]\nDefaultEnvironment=CUDA_HOME=${CUDA_HOME_DETECTED}\nSYSENVEOF\nsystemctl daemon-reload\n\nfi  # end: CUDA (GPU present + profile requires CUDA)\n\n# ── 5. Kernel/Sysctl performance tuning ──────────────────────────────────────\nstep "Kernel/Sysctl tuning"\n\ncat > /etc/sysctl.d/99-fedora-performance.conf <<\'SYSCTLEOF\'\n# Fedora Auto-Install: performance tuning\nvm.swappiness = 10\nvm.vfs_cache_pressure = 50\nkernel.sched_migration_cost_ns = 500000\nnet.core.somaxconn = 1024\nSYSCTLEOF\nchmod 0644 /etc/sysctl.d/99-fedora-performance.conf\nsysctl --system 2>&1 | grep -E \'Applying|error\' | while read -r l; do log "  sysctl: $l"; done || true\nlog "Sysctl tuning applied."\n\n# Transparent Hugepages: madvise (opt-in per Prozess — PyTorch/vLLM nutzen es gezielt)\ncat > /etc/tmpfiles.d/transparent-hugepages.conf <<\'THPEOF\'\nw /sys/kernel/mm/transparent_hugepage/enabled - - - - madvise\nw /sys/kernel/mm/transparent_hugepage/defrag  - - - - defer+madvise\nTHPEOF\nchmod 0644 /etc/tmpfiles.d/transparent-hugepages.conf\necho madvise        > /sys/kernel/mm/transparent_hugepage/enabled 2>/dev/null || true\necho defer+madvise  > /sys/kernel/mm/transparent_hugepage/defrag  2>/dev/null || true\nlog "Transparent hugepages: madvise (per tmpfiles.d persistent)."\n\n# ── 6. CPU Performance Governor (tuned) ───────────────────────────────────────\nstep "CPU performance profile"\n\nif ! command -v tuned-adm &>/dev/null; then\n    dnf install -y tuned && log "tuned installed." || warn "tuned install failed (non-fatal)."\nfi\n\nif command -v tuned-adm &>/dev/null; then\n    # tuned: throughput-performance für Disk/IRQ/Netzwerk\n    # CPU-Governor wird danach von cpu-schedutil.service auf schedutil gesetzt\n    # (scx_bpfland arbeitet mit schedutil, nicht performance)\n    cat > /etc/systemd/system/cpu-performance.service <<\'CPUEOF\'\n[Unit]\nDescription=System throughput profile via tuned (Disk/IRQ/Net)\nAfter=tuned.service\nRequires=tuned.service\n\n[Service]\nType=oneshot\nRemainAfterExit=yes\nExecStart=/usr/sbin/tuned-adm profile throughput-performance\nExecStop=/usr/sbin/tuned-adm profile balanced\n\n[Install]\nWantedBy=multi-user.target\nCPUEOF\n\n    # schedutil Override: läuft nach tuned und setzt Governor zurück\n    # scx_bpfland braucht schedutil für korrekte Frequenzskalierung\n    cat > /etc/systemd/system/cpu-schedutil.service <<\'SUTILEOF\'\n[Unit]\nDescription=Set CPU Governor to schedutil (für scx_bpfland)\nAfter=cpu-performance.service\nWants=cpu-performance.service\n\n[Service]\nType=oneshot\nRemainAfterExit=yes\nExecStart=/bin/bash -c \'for f in /sys/devices/system/cpu/cpu*/cpufreq/scaling_governor; do echo schedutil > "$f" 2>/dev/null || true; done\'\n\n[Install]\nWantedBy=multi-user.target\nSUTILEOF\n\n    systemctl daemon-reload\n    systemctl enable tuned.service           2>/dev/null || true\n    systemctl enable cpu-performance.service 2>/dev/null || true\n    systemctl enable cpu-schedutil.service   2>/dev/null || true\n    systemctl start  tuned.service           2>/dev/null || true\n    tuned-adm profile throughput-performance 2>/dev/null \\\n        && log "tuned: throughput-performance aktiv (Disk/IRQ/Net)." \\\n        || warn "tuned-adm fehlgeschlagen (non-fatal)."\n    for f in /sys/devices/system/cpu/cpu*/cpufreq/scaling_governor; do\n        echo schedutil > "$f" 2>/dev/null || true\n    done\n    log "CPU Governor: schedutil (kompatibel mit scx_bpfland)."\nfi\n\n# ── 6b. scx_bpfland Scheduler ─────────────────────────────────────────────────\nstep "scx_bpfland Scheduler"\nif ! rpm -q scx-scheds &>/dev/null; then\n    if ! dnf copr list --enabled 2>/dev/null | grep -q \'bieszczaders\'; then\n        dnf copr enable -y bieszczaders/kernel-cachyos-addons 2>/dev/null || true\n    fi\n    dnf install -y scx-scheds scx-tools 2>/dev/null \\\n        && log "scx-scheds + scx-tools installiert (COPR bieszczaders)." \\\n        || warn "scx-scheds install fehlgeschlagen (non-fatal)."\nfi\n\nif command -v scx_bpfland &>/dev/null; then\n    # scx_bpfland als direkter systemd-Service (einfacher als scx_loader)\n    cat > /etc/systemd/system/scx-bpfland.service <<\'SCXEOF\'\n[Unit]\nDescription=scx_bpfland — Cache-aware scheduler für AMD Ryzen\nDocumentation=https://github.com/sched-ext/scx\nAfter=multi-user.target\n# Nach cpu-schedutil damit Governor bereits schedutil ist\nAfter=cpu-schedutil.service\n\n[Service]\nType=simple\nExecStart=/usr/bin/scx_bpfland\nRestart=on-failure\nRestartSec=3\n\n[Install]\nWantedBy=multi-user.target\nSCXEOF\n    systemctl daemon-reload\n    systemctl enable scx-bpfland.service 2>/dev/null \\\n        && log "scx-bpfland.service aktiviert." \\\n        || warn "scx-bpfland enable fehlgeschlagen (non-fatal)."\nfi\n\n# ── 7. NVIDIA Persistence Mode ────────────────────────────────────────────────\nif lspci -nn 2>/dev/null | grep -qi \'NVIDIA\'; then\n    step "NVIDIA persistence mode"\n    cat > /etc/systemd/system/nvidia-performance.service <<\'NVEOF\'\n[Unit]\nDescription=NVIDIA Persistence Mode\nAfter=multi-user.target\nConditionPathExists=/usr/bin/nvidia-smi\n\n[Service]\nType=oneshot\nRemainAfterExit=yes\nExecStart=/usr/bin/nvidia-smi -pm 1\nExecStop=/usr/bin/nvidia-smi  -pm 0\n\n[Install]\nWantedBy=multi-user.target\nNVEOF\n    systemctl daemon-reload\n    systemctl enable nvidia-performance.service 2>/dev/null \\\n        && log "nvidia-performance.service aktiviert." \\\n        || warn "nvidia-performance.service enable fehlgeschlagen (non-fatal)."\nfi\n\n# ── 8. WhiteSur GRUB Theme ───────────────────────────────────────────────────\nstep "WhiteSur GRUB Theme"\nif [[ "$INSTALL_PROFILE" =~ ^(full|theme-bash|vm)$ ]]; then\n    GRUB_THEMES_DIR="/tmp/grub2-themes-build"\n    if ! git clone --depth=1 "https://github.com/vinceliuice/grub2-themes.git" \\\n            "$GRUB_THEMES_DIR" 2>/dev/null; then\n        warn "grub2-themes clone fehlgeschlagen (non-fatal)."\n    elif [[ -x "${GRUB_THEMES_DIR}/install.sh" ]]; then\n        # Auflösung erkennen: 1080p als Standard, 4k falls höher\n        GRUB_RES="1080p"\n        bash "${GRUB_THEMES_DIR}/install.sh" -t whitesur -s "${GRUB_RES}" 2>/dev/null \\\n            && log "WhiteSur GRUB Theme installiert (${GRUB_RES})." \\\n            || warn "GRUB Theme install fehlgeschlagen (non-fatal)."\n        rm -rf "$GRUB_THEMES_DIR"\n    fi\nfi\n\n# ── 9. Timeshift + grub-btrfs (nur bei Btrfs-Root) ───────────────────────────\nif findmnt -n -o FSTYPE / 2>/dev/null | grep -qx \'btrfs\'; then\n    step "Timeshift + grub-btrfs"\n    # timeshift ist in Fedora-Repos verfügbar\n    dnf install -y timeshift inotify-tools 2>/dev/null \\\n        && log "timeshift + inotify-tools installiert." \\\n        || warn "timeshift install fehlgeschlagen (non-fatal)."\n\n    # grub-btrfs benötigt COPR kylegospo/grub-btrfs (nicht in Standard-Repos)\n    # grub-btrfs-timeshift ist das Timeshift-integrierte Paket (ersetzt grub-btrfs)\n    if ! rpm -q grub-btrfs-timeshift &>/dev/null && ! rpm -q grub-btrfs &>/dev/null; then\n        dnf copr enable -y kylegospo/grub-btrfs 2>/dev/null \\\n            && dnf install -y grub-btrfs-timeshift 2>/dev/null \\\n            && log "grub-btrfs-timeshift installiert (COPR kylegospo)." \\\n            || warn "grub-btrfs COPR install fehlgeschlagen (non-fatal)."\n    fi\n\n    # Bei Btrfs-Subvolumes enthält SOURCE den Subvolume-Pfad (z.B. /dev/vda3[@])\n    # → nur den Device-Teil extrahieren\n    BTRFS_DEV=$(findmnt -n -o SOURCE / | sed \'s/\\[.*\\]$//\')\n    BTRFS_UUID=$(blkid -s UUID -o value "$BTRFS_DEV" 2>/dev/null || true)\n\n    # btrfs qgroups für Timeshift aktivieren\n    btrfs quota enable / 2>/dev/null || true\n\n    if [[ -n "$BTRFS_UUID" ]] && command -v timeshift &>/dev/null; then\n        mkdir -p /etc/timeshift\n        cat > /etc/timeshift/timeshift.json <<TIMESHIFTEOF\n{\n  "backup_device_uuid" : "${BTRFS_UUID}",\n  "parent_device_size" : "0",\n  "do_first_run" : "false",\n  "btrfs_mode" : "true",\n  "include_btrfs_home_for_backup" : "false",\n  "stop_cron_emails" : "true",\n  "btrfs_use_qgroup" : "true",\n  "schedule_monthly" : "true",\n  "schedule_weekly" : "false",\n  "schedule_daily" : "false",\n  "schedule_hourly" : "false",\n  "schedule_boot" : "true",\n  "count_monthly" : "3",\n  "count_weekly" : "3",\n  "count_daily" : "5",\n  "count_hourly" : "6",\n  "count_boot" : "5"\n}\nTIMESHIFTEOF\n        chmod 0644 /etc/timeshift/timeshift.json\n        log "Timeshift konfiguriert: BTRFS-Modus, UUID=${BTRFS_UUID}."\n    fi\n\n    # BLS-Entries auf subvol=@ aktualisieren (grubby patcht alle Kernel-Einträge)\n    # grub2-mkconfig liest sonst das laufende Subvolume → wäre falsch beim ersten Boot\n    if command -v grubby &>/dev/null; then\n        grubby --update-kernel=ALL --remove-args=\'rootflags\' --args=\'rootflags=subvol=@\' \\\n            && log "grubby: BLS-Entries auf rootflags=subvol=@ gesetzt." \\\n            || warn "grubby update fehlgeschlagen (non-fatal)."\n    fi\n\n    # grub-btrfs: Snapshots automatisch im GRUB-Menü registrieren\n    if systemctl list-unit-files grub-btrfs.path &>/dev/null; then\n        systemctl enable --now grub-btrfs.path 2>/dev/null \\\n            && log "grub-btrfs.path aktiviert." \\\n            || warn "grub-btrfs.path enable fehlgeschlagen (non-fatal)."\n    fi\n    grub2-mkconfig -o /boot/grub2/grub.cfg 2>/dev/null \\\n        && log "GRUB-Konfiguration aktualisiert." \\\n        || warn "grub2-mkconfig fehlgeschlagen (non-fatal)."\nelse\n    log "Root ist kein btrfs — Timeshift/grub-btrfs übersprungen."\nfi\n\n# ── 10. zram-generator (Swap im RAM — Pflicht ohne Swap-Partition) ───────────\nstep "zram-generator"\nif ! rpm -q zram-generator &>/dev/null; then\n    dnf install -y zram-generator \\\n        && log "zram-generator installiert." \\\n        || warn "zram-generator install fehlgeschlagen (non-fatal)."\nfi\n# Konfiguration: 50% RAM, max 8 GB, zstd-Kompression\ncat > /etc/systemd/zram-generator.conf <<\'ZRAMEOF\'\n[zram0]\nzram-size = min(ram / 2, 8192)\ncompression-algorithm = zstd\nZRAMEOF\nchmod 0644 /etc/systemd/zram-generator.conf\nlog "zram-generator: 50% RAM (max 8 GB), zstd."\n\n# ── 11. irqbalance (IRQ-Verteilung auf alle CPU-Kerne) ───────────────────────\nstep "irqbalance"\nif ! rpm -q irqbalance &>/dev/null; then\n    dnf install -y irqbalance \\\n        && log "irqbalance installiert." \\\n        || warn "irqbalance install fehlgeschlagen (non-fatal)."\nfi\nsystemctl enable --now irqbalance 2>/dev/null \\\n    && log "irqbalance aktiviert." \\\n    || warn "irqbalance enable fehlgeschlagen (non-fatal)."\n\n# ── 12. ananicy-cpp (Prozess-Priorisierung) ──────────────────────────────────\nstep "ananicy-cpp"\nif ! rpm -q ananicy-cpp &>/dev/null; then\n    # COPR aktivieren und installieren\n    if dnf copr enable -y eriknguyen/ananicy-cpp &>/dev/null; then\n        dnf install -y ananicy-cpp \\\n            && log "ananicy-cpp installiert." \\\n            || warn "ananicy-cpp install fehlgeschlagen (non-fatal)."\n    else\n        warn "ananicy-cpp COPR nicht verfügbar — übersprungen (non-fatal)."\n    fi\nfi\nif command -v ananicy-cpp &>/dev/null; then\n    systemctl enable --now ananicy-cpp 2>/dev/null \\\n        && log "ananicy-cpp aktiviert." \\\n        || warn "ananicy-cpp enable fehlgeschlagen (non-fatal)."\nfi\n\n# ── 13. AMD Ryzen Optimierungen ──────────────────────────────────────────────\nif grep -qi \'amd\\|ryzen\\|epyc\' /proc/cpuinfo 2>/dev/null; then\n    step "AMD Ryzen optimizations"\n\n    # amd-pstate EPP auf \'performance\' setzen (persistent via systemd-Service)\n    cat > /etc/systemd/system/amd-pstate-epp.service <<\'AMDEOF\'\n[Unit]\nDescription=AMD P-State Energy Performance Preference (performance)\nAfter=multi-user.target\n\n[Service]\nType=oneshot\nRemainAfterExit=yes\nExecStart=/bin/bash -c \'for f in /sys/devices/system/cpu/cpu*/cpufreq/energy_performance_preference; do echo performance > "$f" 2>/dev/null || true; done\'\n\n[Install]\nWantedBy=multi-user.target\nAMDEOF\n    systemctl daemon-reload\n    systemctl enable amd-pstate-epp.service 2>/dev/null \\\n        && log "amd-pstate-epp.service aktiviert." \\\n        || warn "amd-pstate-epp enable fehlgeschlagen (non-fatal)."\n    # Sofort anwenden\n    for f in /sys/devices/system/cpu/cpu*/cpufreq/energy_performance_preference; do\n        echo performance > "$f" 2>/dev/null || true\n    done\n    log "AMD P-State EPP auf \'performance\' gesetzt."\n\n    # GRUB Kernel-Parameter für Ryzen\n    GRUB_FILE="/etc/default/grub"\n    if [[ -f "$GRUB_FILE" ]] && ! grep -q \'amd_pstate\' "$GRUB_FILE"; then\n        sed -i \'s/GRUB_CMDLINE_LINUX="\\(.*\\)"/GRUB_CMDLINE_LINUX="\\1 amd_pstate=active amd_iommu=on cpufreq.default_governor=performance"/\' \\\n            "$GRUB_FILE"\n        grub2-mkconfig -o /boot/grub2/grub.cfg 2>/dev/null \\\n            && log "GRUB: AMD Kernel-Parameter eingetragen." \\\n            || warn "grub2-mkconfig fehlgeschlagen (non-fatal)."\n    else\n        log "GRUB AMD-Parameter bereits vorhanden oder grub-config nicht gefunden."\n    fi\nelse\n    log "Kein AMD CPU erkannt — AMD Ryzen Optimierungen übersprungen."\nfi\n\n# ── Done ──────────────────────────────────────────────────────────────────────\nstep "First-boot provisioning complete"\nmarker_set() { mkdir -p "$(dirname "$1")"; touch "$1"; }\nmarker_set "$MARKER_FILE"\nlog "Marker written: $MARKER_FILE"\nlog "First-boot provisioning finished successfully."\n\nFBEOF\nchmod 0750 /usr/local/sbin/fedora-first-boot.sh\n\n# ── Write first-login runner ──────────────────────────────────────────────────\ncat > /usr/local/bin/fedora-first-login.sh <<\'FLEOF\'\n#!/usr/bin/env bash\n# scripts/first-login.sh — User-level one-shot provisioning for the target user\n#\n# Runs via ~/.config/autostart/fedora-first-login.desktop on first GNOME login.\n# Marker: ~/.local/share/fedora-provision/first-login.done\n#\n# Tasks (in order):\n#   1.  Flatpak Extension Manager\n#   2.  Enable GNOME extensions\n#   3.  WhiteSur GTK theme  (git clone / pull + install)\n#   4.  WhiteSur Icon theme\n#   5.  WhiteSur Wallpapers\n#   6.  Oh My Bash (install + set theme)\n#   7.  Python venv ~/.venvs/ai\n#   8.  CUDA compat check → PyTorch install\n#   9.  vLLM-Omni venv + HuggingFace CLI\n#   10. CUDA 13.2 toolchain check/install\n#   11. vLLM-Omni source build (sm120 / CUDA 13.2)\n#   12. Download Qwen3-14B-AWQ model (lazy HF token)\n\nset -euo pipefail\n\nMARKER_DIR="${HOME}/.local/share/fedora-provision"\nMARKER_FILE="${MARKER_DIR}/first-login.done"\nLOG_FILE="${MARKER_DIR}/first-login.log"\nENV_FILE="/etc/fedora-provision.env"\n\nmkdir -p "$MARKER_DIR"\nexec > >(tee -a "$LOG_FILE") 2>&1\n\n# Modell-Verzeichnis von ~/.cache getrennt — überlebt cache-Bereinigungen\nexport HF_HOME="${HOME}/.models/huggingface"\nexport TRANSFORMERS_CACHE="${HF_HOME}/hub"\nmkdir -p "$HF_HOME"\n\nlog()  { echo "[$(date \'+%Y-%m-%d %H:%M:%S\')] [INFO]  $*"; }\nwarn() { echo "[$(date \'+%Y-%m-%d %H:%M:%S\')] [WARN]  $*"; }\nerr()  { echo "[$(date \'+%Y-%m-%d %H:%M:%S\')] [ERROR] $*" >&2; }\ndie()  { err "$*"; exit 1; }\nstep() { echo; echo "══ $* ══"; }\n\nhave_passwordless_sudo() {\n    sudo -n true 2>/dev/null\n}\n\n# ── Idempotency guard ─────────────────────────────────────────────────────────\nif [[ -f "$MARKER_FILE" ]]; then\n    log "First-login already completed. Removing autostart entry."\n    rm -f "${HOME}/.config/autostart/fedora-first-login.desktop"\n    exit 0\nfi\n\n# ── Load provisioning env ─────────────────────────────────────────────────────\n[[ -f "$ENV_FILE" ]] && source "$ENV_FILE"\n\nINSTALL_PROFILE="${FEDORA_INSTALL_PROFILE:-full}"\nlog "Install profile: ${INSTALL_PROFILE}"\n\nTARGET_USER="${FEDORA_TARGET_USER:-${USER}}"\nPYTORCH_VENV="${FEDORA_PYTORCH_VENV:-${HOME}/.venvs/ai}"\nVLLM_VENV="${FEDORA_VLLM_VENV:-${HOME}/.venvs/bitwig-omni}"\nVLLM_CUDA_VERSION="${FEDORA_VLLM_CUDA_VERSION:-13.2}"\nVLLM_ARCH_LIST="${FEDORA_VLLM_ARCH_LIST:-12.0}"\nVLLM_MODEL="${FEDORA_VLLM_MODEL:-Qwen/Qwen3-14B-AWQ}"\nWS_GTK_ARGS="${FEDORA_WS_GTK_ARGS:-}"\nWS_ICON_ARGS="${FEDORA_WS_ICON_ARGS:-}"\nWS_WALL_ARGS="${FEDORA_WS_WALL_ARGS:-}"\nOMB_THEME="${FEDORA_OMB_THEME:-modern}"\n\nTHEMES_DIR="${HOME}/.cache/fedora-themes-build"\n\n# ── Profile: headless profiles skip all GUI steps ────────────────────────────\nif [[ "$INSTALL_PROFILE" =~ ^(headless-vllm)$ ]]; then\n    step "Headless profile (${INSTALL_PROFILE}) — skipping GUI provisioning"\n    log "GNOME steps 1-5 skipped. Oh-My-Bash + AI steps will run via systemd service."\nfi\n\n# ── 1. Flatpak Extension Manager ──────────────────────────────────────────────\nstep "Flatpak Extension Manager"\nif [[ "$INSTALL_PROFILE" =~ ^(headless-vllm)$ ]]; then\n    log "Skipped (headless profile)."\nelif ! flatpak list --user 2>/dev/null | grep -q \'com.mattjakeman.ExtensionManager\'; then\n    log "Installing Extension Manager..."\n    flatpak install --user --noninteractive flathub com.mattjakeman.ExtensionManager \\\n        || warn "Extension Manager install failed (non-fatal)."\nelse\n    log "Extension Manager already installed."\nfi\n\n# ── 2. GNOME extensions aktivieren ───────────────────────────────────────────\nstep "GNOME extensions"\nif [[ "$INSTALL_PROFILE" =~ ^(headless-vllm)$ ]]; then\n    log "Skipped (headless profile)."\nelse\n    EXTENSIONS=(\n        "user-theme@gnome-shell-extensions.gcampax.github.com"\n        "dash-to-dock@micxgx.gmail.com"\n        "blur-my-shell@aunetx"\n        "caffeine@patapon.info"\n        "appindicatorsupport@rgcjonas.gmail.com"\n    )\n    # dash-to-panel kollidiert mit dash-to-dock — explizit ausgeschlossen\n    CONFLICTING=("dash-to-panel@jderose9.github.com")\n\n    # Nur gsettings schreiben — kein DBUS Enable/Disable.\n    # DBUS EnableExtension triggert GNOME Shell zur sofortigen Neubewertung und\n    # überschreibt dconf wieder wenn dash-to-dock nicht im laufenden Scan-Ergebnis\n    # auftaucht (race condition bei frisch installierten System-Extensions).\n    # gsettings-Wert wirkt sicher beim nächsten GNOME-Start.\n    if command -v gsettings &>/dev/null; then\n        current=$(gsettings get org.gnome.shell enabled-extensions 2>/dev/null || echo "[]")\n        current=$(echo "$current" | grep -oP "\'[^\']+\'" | tr -d "\'" | grep -v \'^$\' || true)\n        new_list=""\n        for ext in "${EXTENSIONS[@]}"; do\n            new_list+="\'${ext}\', "\n            echo "$current" | grep -qF "$ext" || log "Füge zur enabled-Liste hinzu: $ext"\n        done\n        while IFS= read -r e; do\n            [[ -z "$e" ]] && continue\n            found=0\n            for ext in "${EXTENSIONS[@]}"; do [[ "$e" == "$ext" ]] && found=1; done\n            for ext in "${CONFLICTING[@]}"; do [[ "$e" == "$ext" ]] && found=1; done\n            [[ $found -eq 0 ]] && new_list+="\'${e}\', "\n        done <<< "$current"\n        new_list="[${new_list%, }]"\n        gsettings set org.gnome.shell enabled-extensions "$new_list" 2>/dev/null \\\n            && log "Extensions in gsettings gesetzt: $new_list" \\\n            || warn "gsettings enabled-extensions fehlgeschlagen."\n    fi\n\n    # ── Dash-to-Dock Konfiguration (macOS-Stil) ───────────────────────────────\n    dtd() { gsettings set org.gnome.shell.extensions.dash-to-dock "$@" 2>/dev/null || true; }\n    dtd dock-position            BOTTOM\n    dtd dock-fixed               false\n    dtd autohide                 true\n    dtd intellihide              true\n    dtd intellihide-mode         FOCUS_APPLICATION_WINDOWS\n    dtd animation-time           0.15\n    dtd require-pressure-to-show false\n    dtd show-delay               0.1\n    dtd hide-delay               0.2\n    dtd transparency-mode        DYNAMIC\n    dtd min-alpha                0.85\n    dtd max-alpha                0.95\n    dtd dash-max-icon-size       48\n    dtd icon-size-fixed          false\n    dtd running-indicator-style  DOTS\n    dtd show-running             true\n    dtd show-trash               true\n    dtd show-mounts              true\n    dtd show-apps-at-top         true\n    dtd click-action             cycle-windows\n    dtd scroll-action            switch-workspace\n    dtd hot-keys                 true\n    dtd isolate-workspaces       false\n    dtd extend-height            false\n    dtd disable-overview-on-startup true\n    log "Dash-to-Dock konfiguriert (macOS-Stil)."\n\n    # GNOME Shell: Overview beim Login nicht anzeigen → direkt zum Desktop\n    gsettings set org.gnome.shell disable-overview-on-startup true 2>/dev/null || true\n    log "GNOME Overview-on-startup deaktiviert."\nfi\n\n# ── 3-5. WhiteSur themes ──────────────────────────────────────────────────\nstep "WhiteSur themes"\nif [[ "$INSTALL_PROFILE" =~ ^(headless-vllm)$ ]]; then\n    log "Skipped (headless profile)."\nelse\n\nWHITESUR_ERRORS=()\n\nws_install_theme() {\n    local repo_name="$1"       # e.g. WhiteSur-gtk-theme\n    local repo_url="$2"\n    local install_dest_flag="$3"   # e.g. "-d ~/.local/share/themes"\n    local extra_args="$4"\n    local install_dir="${THEMES_DIR}/${repo_name}"\n\n    log "WhiteSur: $repo_name"\n\n    # Clone or pull\n    if [[ -d "$install_dir/.git" ]]; then\n        log "  Updating existing repo..."\n        git -C "$install_dir" pull --ff-only 2>&1 | while read -r l; do log "  git: $l"; done || \\\n            warn "  git pull failed for $repo_name (continuing)."\n    else\n        mkdir -p "$THEMES_DIR"\n        log "  Cloning $repo_url..."\n        git clone --depth=1 "$repo_url" "$install_dir" 2>&1 | \\\n            while read -r l; do log "  git: $l"; done || {\n                WHITESUR_ERRORS+=("$repo_name: git clone failed")\n                return\n            }\n    fi\n\n    local args_var="$extra_args"\n\n    # Run installer — cd into repo dir so relative paths (e.g. \'dist/\') work\n    local install_sh="${install_dir}/install.sh"\n    if [[ ! -x "$install_sh" ]]; then\n        WHITESUR_ERRORS+=("$repo_name: install.sh not found or not executable")\n        return\n    fi\n\n    # TERM=xterm: setterm -cursor off inside install.sh fails with TERM=dumb (SSH default), exiting non-zero\n    # shellcheck disable=SC2086\n    local _tmpout\n    _tmpout=$(mktemp)\n    if (cd "$install_dir" && TERM=xterm bash "./install.sh" $install_dest_flag $args_var) >"$_tmpout" 2>&1; then\n        while IFS= read -r l; do log "  install: $l"; done < "$_tmpout"\n        rm -f "$_tmpout"\n        log "  $repo_name installed successfully."\n    else\n        while IFS= read -r l; do log "  install: $l"; done < "$_tmpout"\n        rm -f "$_tmpout"\n        WHITESUR_ERRORS+=("$repo_name: install.sh exited with error")\n    fi\n}\n\nGTK_DEST="-d ${HOME}/.local/share/themes"\nICON_DEST="-d ${HOME}/.local/share/icons"\n\nws_install_theme \\\n    "WhiteSur-gtk-theme" \\\n    "https://github.com/vinceliuice/WhiteSur-gtk-theme.git" \\\n    "$GTK_DEST" \\\n    "-l -c Dark"\n\n# Icon Theme (kein dark-Variant vorhanden — Standard WhiteSur blau)\nws_install_theme \\\n    "WhiteSur-icon-theme" \\\n    "https://github.com/vinceliuice/WhiteSur-icon-theme.git" \\\n    "$ICON_DEST" \\\n    ""\n\n# Wallpapers — install-gnome-backgrounds.sh (nicht install.sh!)\nwalls_dir="${THEMES_DIR}/WhiteSur-wallpapers"\nlog "WhiteSur: WhiteSur-wallpapers"\nmkdir -p "$THEMES_DIR"\n# Sicherstellen dass gnome-background-properties ein Verzeichnis ist, nicht eine Datei\n[[ -f "${HOME}/.local/share/gnome-background-properties" ]] && \\\n    rm -f "${HOME}/.local/share/gnome-background-properties"\nmkdir -p "${HOME}/.local/share/gnome-background-properties"\nif [[ -d "${walls_dir}/.git" ]]; then\n    git -C "$walls_dir" pull --ff-only 2>&1 | while read -r l; do log "  git: $l"; done || \\\n        warn "  git pull failed for wallpapers (continuing)."\nelse\n    git clone --depth=1 "https://github.com/vinceliuice/WhiteSur-wallpapers.git" "$walls_dir" 2>&1 | \\\n        while read -r l; do log "  git: $l"; done || { WHITESUR_ERRORS+=("WhiteSur-wallpapers: clone failed"); }\nfi\nif [[ -x "${walls_dir}/install-gnome-backgrounds.sh" ]]; then\n    (cd "$walls_dir" && bash install-gnome-backgrounds.sh $WS_WALL_ARGS) 2>&1 | \\\n        while read -r l; do log "  install: $l"; done \\\n        && log "  WhiteSur-wallpapers installed successfully." \\\n        || WHITESUR_ERRORS+=("WhiteSur-wallpapers: install failed")\nfi\n\n# WhiteSur Cursor Theme\nws_install_theme \\\n    "WhiteSur-cursors" \\\n    "https://github.com/vinceliuice/WhiteSur-cursors.git" \\\n    "$ICON_DEST" \\\n    ""\n\n\n# GNOME theme + Wallpaper anwenden\n_dbus_addr="${DBUS_SESSION_BUS_ADDRESS:-unix:path=/run/user/$(id -u)/bus}"\ngs() { DBUS_SESSION_BUS_ADDRESS="$_dbus_addr" gsettings "$@" 2>/dev/null || true; }\n\nif command -v gsettings &>/dev/null; then\n    gs set org.gnome.desktop.interface color-scheme \'prefer-dark\'\n    gs set org.gnome.desktop.interface icon-theme   \'WhiteSur-dark\'\n    gs set org.gnome.desktop.interface cursor-theme \'WhiteSur-cursors\'\n    wallpaper=$(find "${HOME}/.local/share/backgrounds/WhiteSur" -name "*.jpg" -o -name "*.png" 2>/dev/null | head -1)\n    [[ -n "$wallpaper" ]] && {\n        gs set org.gnome.desktop.background picture-uri      "file://${wallpaper}"\n        gs set org.gnome.desktop.background picture-uri-dark "file://${wallpaper}"\n        # dconf write als direktes Fallback — funktioniert ohne aktive GNOME-Session\n        if command -v dconf &>/dev/null; then\n            dconf write /org/gnome/desktop/background/picture-uri      "\'file://${wallpaper}\'" 2>/dev/null || true\n            dconf write /org/gnome/desktop/background/picture-uri-dark "\'file://${wallpaper}\'" 2>/dev/null || true\n        fi\n        log "Wallpaper gesetzt: $wallpaper"\n    }\n    log "GNOME theme applied: WhiteSur libadwaita + WhiteSur-dark icons + WhiteSur-cursors"\n\n    # ── GNOME/GTK display tweaks ──────────────────────────────────────────────\n    gs set org.gnome.desktop.interface font-antialiasing  \'rgba\'\n    gs set org.gnome.desktop.interface font-hinting       \'slight\'\n    gs set org.gnome.desktop.interface enable-animations  true\n    gs set org.gnome.desktop.interface clock-format       \'24h\'\n    gs set org.gnome.desktop.sound     event-sounds       false\n    log "GNOME tweaks applied: font-antialiasing=rgba, font-hinting=slight, clock=24h, bell=off."\n\n    # ── Night Light (Blaulichtfilter ab 20:00 bis 07:00) ─────────────────────\n    gs set org.gnome.settings-daemon.plugins.color night-light-enabled    true\n    gs set org.gnome.settings-daemon.plugins.color night-light-schedule-automatic false\n    gs set org.gnome.settings-daemon.plugins.color night-light-schedule-from 20.0\n    gs set org.gnome.settings-daemon.plugins.color night-light-schedule-to   7.0\n    gs set org.gnome.settings-daemon.plugins.color night-light-temperature  3500\n    log "Night Light aktiviert: 20:00–07:00, 3500K."\nfi\n\n# Repos nach Installation entfernen — Theme-Dateien sind in ~/.local/share/ installiert\nlog "Theme-Repos gecacht: $THEMES_DIR (git pull bei nächstem Aufruf)"\n\nfi  # end: WhiteSur themes headless guard\n\n# ── 6. Oh My Bash ─────────────────────────────────────────────────────────────\nstep "Oh My Bash"\n\nOMB_DIR="${HOME}/.oh-my-bash"\nif [[ -d "$OMB_DIR" ]]; then\n    log "Oh My Bash already installed."\nelse\n    log "Installing Oh My Bash (unattended)..."\n    bash <(curl -fsSL https://raw.githubusercontent.com/ohmybash/oh-my-bash/master/tools/install.sh) \\\n        --unattended \\\n        || warn "Oh My Bash install script failed (non-fatal)."\nfi\n\n# Set / correct theme in ~/.bashrc\nif [[ -f "${HOME}/.bashrc" ]]; then\n    if grep -q \'OSH_THEME=\' "${HOME}/.bashrc"; then\n        sed -i "s|^OSH_THEME=.*|OSH_THEME=\\"${OMB_THEME}\\"|" "${HOME}/.bashrc"\n        log "Updated OSH_THEME to \'${OMB_THEME}\' in ~/.bashrc"\n    else\n        echo "OSH_THEME=\\"${OMB_THEME}\\"" >> "${HOME}/.bashrc"\n        log "Appended OSH_THEME=\'${OMB_THEME}\' to ~/.bashrc"\n    fi\n    # shellcheck source=/dev/null\n    source "${HOME}/.bashrc" 2>/dev/null || true\nfi\n\n# ── Profile: theme-bash stops after Oh-My-Bash ───────────────────────────────\nif [[ "$INSTALL_PROFILE" == "theme-bash" ]]; then\n    step "theme-bash profile — skipping AI/vLLM provisioning"\n    log "Steps 7-12 skipped (no GPU compute required for theme-bash)."\n    touch "$MARKER_FILE"\n    rm -f "${HOME}/.config/autostart/fedora-first-login.desktop"\n    log "First-login provisioning complete (theme-bash). Log: $LOG_FILE"\n    exit 0\nfi\n\n# ── Profile: headless-vllm / vllm-only — Multi-Model Router aktivieren ───────\nif [[ "$INSTALL_PROFILE" =~ ^(headless-vllm|vllm-only)$ ]]; then\n    step "vLLM Multi-Model Router"\n\n    QUADLET_TPL="${HOME}/.config/containers/systemd/vllm@.container"\n    ROUTER_UNIT="${HOME}/.config/systemd/user/vllm-router.service"\n    REPO_DIR="/usr/local/share/fedora-autoinstall"\n\n    if [[ ! -f "$QUADLET_TPL" || ! -f "$ROUTER_UNIT" ]]; then\n        warn "Quadlet-Template oder Router-Unit fehlt — first-boot.sh lief ggf. noch nicht."\n    else\n        # Image vorab pullen (Custom-Build bevorzugt, sonst Upstream)\n        VLLM_IMAGE="localhost/fedora-vllm:latest"\n        if ! podman image exists "$VLLM_IMAGE" 2>/dev/null; then\n            warn "Custom-Image \'${VLLM_IMAGE}\' fehlt — bauen mit:"\n            warn "  ./scripts/podman-pipeline.sh --build-vllm"\n        fi\n\n        # Router-venv + Wrapper\n        ROUTER_VENV="${HOME}/.venvs/vllm-router"\n        if [[ ! -d "$ROUTER_VENV" ]]; then\n            log "Erstelle Router-venv: $ROUTER_VENV"\n            python3 -m venv "$ROUTER_VENV"\n            "$ROUTER_VENV/bin/pip" install --quiet --upgrade pip\n            "$ROUTER_VENV/bin/pip" install --quiet fastapi uvicorn httpx \\\n                || warn "Router-venv Pip-Install fehlgeschlagen."\n        fi\n\n        # Router-Script + Wrapper installieren\n        mkdir -p "${HOME}/.local/bin" "${HOME}/.local/share/vllm-router"\n        if [[ -f "${REPO_DIR}/scripts/vllm-router.py" ]]; then\n            install -m 0644 "${REPO_DIR}/scripts/vllm-router.py" \\\n                "${HOME}/.local/share/vllm-router/vllm-router.py"\n        fi\n        cat > "${HOME}/.local/bin/vllm-router" <<WRAPEOF\n#!/usr/bin/env bash\nexec "${ROUTER_VENV}/bin/python" "${HOME}/.local/share/vllm-router/vllm-router.py"\nWRAPEOF\n        chmod 0755 "${HOME}/.local/bin/vllm-router"\n\n        # Linger aktivieren, damit User-Services ohne aktive Session laufen\n        if have_passwordless_sudo; then\n            sudo loginctl enable-linger "$USER" 2>/dev/null \\\n                && log "Linger aktiviert (Services laufen ohne aktive Session)." \\\n                || warn "loginctl enable-linger fehlgeschlagen."\n        fi\n\n        systemctl --user daemon-reload\n        systemctl --user enable --now vllm-router.service 2>/dev/null \\\n            && log "vllm-router.service aktiviert (Port 8000)." \\\n            || warn "vllm-router.service enable fehlgeschlagen."\n\n        log "OpenAI-API: http://localhost:8000/v1"\n        log "Registry:   ${HOME}/.config/vllm-router/models.json"\n        log "Modelle:    curl http://localhost:8000/v1/models"\n    fi\nfi\n\n# Entfernt: alte venv-basierte vLLM-Source-Builds (PyTorch, CUDA 13.2 toolchain,\n# vLLM-Omni source build, Model-Download). vLLM läuft im Podman-Container\n# (Containerfile.vllm), aktiviert via vllm-router.service + vllm@.container Template.\n\n# ── Final report ──────────────────────────────────────────────────────────────\nstep "First-login provisioning complete"\n\nif [[ -v WHITESUR_ERRORS ]] && [[ "${#WHITESUR_ERRORS[@]}" -gt 0 ]]; then\n    warn "WhiteSur errors encountered:"\n    for e in "${WHITESUR_ERRORS[@]}"; do\n        warn "  - $e"\n    done\nfi\n\ntouch "$MARKER_FILE"\nlog "Marker written: $MARKER_FILE"\n\n# Remove autostart entry — we\'re done\nrm -f "${HOME}/.config/autostart/fedora-first-login.desktop"\nlog "Autostart entry removed."\nlog "First-login provisioning finished. Log: $LOG_FILE"\n\nFLEOF\nchmod 0755 /usr/local/bin/fedora-first-login.sh\n\n# ── Write systemd unit for first-boot ────────────────────────────────────────\ncat > /etc/systemd/system/fedora-first-boot.service <<\'UNITEOF\'\n[Unit]\nDescription=Fedora First-Boot Provisioning (one-shot)\nDocumentation=https://github.com/user/fedora-install\nAfter=network-online.target\nWants=network-online.target\n# Ensure this runs only on first boot; marker file disables it on subsequent boots\nConditionPathExists=!/var/lib/fedora-provision/first-boot.done\n\n[Service]\nType=oneshot\nExecStart=/usr/local/sbin/fedora-first-boot.sh\nEnvironmentFile=-/etc/fedora-provision.env\nStandardOutput=journal+console\nStandardError=journal+console\nTimeoutStartSec=3600\nRemainAfterExit=yes\n\n# Prevent privilege escalation\nNoNewPrivileges=no\n# Service runs as root (required for dnf, systemctl, akmods)\nUser=root\n\n[Install]\nWantedBy=multi-user.target\n\nUNITEOF\n\nsystemctl enable fedora-first-boot.service\n\n# ── Install Extension Manager (Flatpak) at system level ──────────────────────\nflatpak remote-add --if-not-exists flathub https://dl.flathub.org/repo/flathub.flatpakrepo 2>/dev/null || true\n\n# ── Configure first-login autorun for target user ────────────────────────────\nUSER_HOME="/home/sija"\nAUTOSTART_DIR="$USER_HOME/.config/autostart"\nmkdir -p "$AUTOSTART_DIR"\ncat > "$AUTOSTART_DIR/fedora-first-login.desktop" <<\'DESKTOPEOF\'\n[Desktop Entry]\nType=Application\nName=Fedora First-Login Setup\nExec=/usr/local/bin/fedora-first-login.sh\nHidden=false\nNoDisplay=true\nX-GNOME-Autostart-enabled=true\nDESKTOPEOF\nchown -R sija:sija "$AUTOSTART_DIR"\n\n%end' : FEDORA_PYTORCH_VENV nicht korrekt ersetzt in echtem fedora-full.ks

----------------------------------------------------------------------
Ran 149 tests in 0.056s

FAILED (failures=1)
Hashe Passwort...
Passwort gehasht.

Patche Kickstart-Dateien:
  Gepatcht: fedora-full.ks

Gepatcht: 1 Datei(en)

Nächster Schritt: sudo ./install.sh /dev/sdX
Hashe Passwort...
Passwort gehasht.

Patche Kickstart-Dateien:
  Gepatcht: fedora-full.ks

Gepatcht: 1 Datei(en)

Nächster Schritt: sudo ./install.sh /dev/sdX
Hashe Passwort...
Passwort gehasht.

Prüfe Kickstart-Dateien:
  WÜRDE patchen: fedora-full.ks

Würde patchen: 1 Datei(en)
Hashe Passwort...
Passwort gehasht.

Patche Kickstart-Dateien:
  Gepatcht: fedora-full.ks

Gepatcht: 1 Datei(en)

Nächster Schritt: sudo ./install.sh /dev/sdX
Hashe Passwort...
Passwort gehasht.

Patche Kickstart-Dateien:
  Gepatcht: fedora-full.ks

Gepatcht: 1 Datei(en)

Nächster Schritt: sudo ./install.sh /dev/sdX
Hashe Passwort...
Passwort gehasht.

Patche Kickstart-Dateien:
  Unverändert: fedora-full.ks

Gepatcht: 0 Datei(en)
Hashe Passwort...
Passwort gehasht.

Patche Kickstart-Dateien:
  Gepatcht: fedora-full.ks

Gepatcht: 1 Datei(en)

Nächster Schritt: sudo ./install.sh /dev/sdX
Hashe Passwort...
Passwort gehasht.

Patche Kickstart-Dateien:
  Gepatcht: fedora-full.ks

Gepatcht: 1 Datei(en)

Nächster Schritt: sudo ./install.sh /dev/sdX
Hashe Passwort...
Passwort gehasht.

Patche Kickstart-Dateien:
  Gepatcht: fedora-full.ks

Gepatcht: 1 Datei(en)

Nächster Schritt: sudo ./install.sh /dev/sdX
Hashe Passwort...
Passwort gehasht.

Patche Kickstart-Dateien:
  Gepatcht: fedora-full.ks

Gepatcht: 1 Datei(en)

Nächster Schritt: sudo ./install.sh /dev/sdX
  WÜRDE patchen: test.ks
  WÜRDE patchen: test.ks
  Gepatcht: test.ks
  Gepatcht: test.ks
  Gepatcht: test.ks
  Gepatcht: test.ks
